---
source: src/resolution.rs
expression: resolve

---
activated:
  - biff/minimal@0.1.0
  - biff/one-dependency@0.1.0
metadata:
  biff/minimal@0.1.0:
    realm: shared
    server_only: false
  biff/one-dependency@0.1.0:
    realm: shared
    server_only: false
shared_dependencies:
  biff/one-dependency@0.1.0:
    Minimal: biff/minimal@0.1.0
server_dependencies: {}

