---
source: src/resolution.rs
expression: err

---
No packages were found that matched biff/server@>=1.0.0, <2.0.0 (Shared).
