---
source: src/resolution.rs
expression: new_resolved

---
activated:
  - biff/minimal@1.1.0
  - biff/one-dependency@1.0.0
metadata:
  biff/minimal@1.1.0:
    realm: shared
    server_only: false
  biff/one-dependency@1.0.0:
    realm: shared
    server_only: false
shared_dependencies:
  biff/one-dependency@1.0.0:
    Minimal: biff/minimal@1.1.0
server_dependencies: {}

